// Jest Snapshot v1, https://goo.gl/fbAQLP

exports[`App It renders 1`] = `null`;
